INFO Server started
WARNING Disk almost full
ERROR Database connection failed
info User logged in
Error Invalid input
INFO Server started
WARNING Disk almost full
ERROR Database connection failed
info User logged in
Error Invalid input
INFO Server started
WARNING Disk almost full
ERROR Database connection failed
info User logged in
Error Invalid input
INFO Server started
WARNING Disk almost full
ERROR Database connection failed
info User logged in
Error Invalid input
INFO Server started
WARNING Disk almost full
ERROR Database connection failed
info User logged in
Error Invalid input
INFO Server started
WARNING Disk almost full
ERROR Database connection failed
info User logged in
Error Invalid input
INFO Server started
WARNING Disk almost full
ERROR Database connection failed
info User logged in
Error Invalid input
INFO Server started
WARNING Disk almost full
ERROR Database connection failed
info User logged in
Error Invalid input
INFO Server started
WARNING Disk almost full
ERROR Database connection failed
info User logged in
Error Invalid input
